200
9 18 2 20 9 8 12 19 7 6 3 8 17 1 19 11 4 17 3 15 6 20 15 11 2 14 18 17 20 8 15 8 19 18 17 14 14 14 12 2 12 11 9 1 1 12 4 5 2 11 4 18 15 9 10 1 4 11 18 8 18 16 1 3 15 17 5 15 5 4 15 10 18 7 13 17 13 18 16 7 6 13 6 10 6 11 19 2 2 16 13 6 10 17 12 20 4 2 13 9 7 19 9 11 13 14 17 13 15 5 3 3 8 5 9 16 10 14 20 2 14 8 16 14 7 1 11 6 8 10 1 4 4 10 20 6 10 20 5 14 5 13 12 16 7 7 20 20 5 15 2 10 12 8 12 7 1 17 18 3 13 19 7 14 19 1 12 4 16 7 19 6 3 13 9 19 15 18 4 5 6 9 2 11 16 5 10 9 3 12 8 11 16 3 3 16 17 20 19 1 
50
3 3 4 5 8 1 10 14 20 12 15 2 8 2 2 2 19 8 6 16 9 11 3 3 18 2 13 6 14 13 17 8 7 1 5 9 3 16 1 5 4 2 9 4 15 3 4 1 11 1 

Answer is: 5622
Best method is: Method 5
Solve in 2.235s.

Answer for all methods: 
Method 1: 5607
Method 2: 5617
Method 3: 5593
Method 4: 5605
Method 5: 5622
Method 6: 5532
Method 7: 5593
Method 8: 5576

Councils distribution for method 5:

Council 1:
10 project: 
14 44 45 56 63 126 131 157 166 200 
5 teacher: 
6 34 39 48 50 

Council 2:
10 project: 
3 25 40 49 88 89 98 120 151 183 
6 teacher: 
12 14 15 16 26 42 

Council 3:
10 project: 
11 19 64 111 112 160 173 189 194 195 
6 teacher: 
1 2 23 24 37 46 

Council 4:
10 project: 
17 47 51 57 70 97 132 133 168 179 
4 teacher: 
3 41 44 47 

Council 5:
10 project: 
48 67 69 110 114 139 141 149 180 186 
3 teacher: 
4 35 40 

Council 6:
10 project: 
10 21 81 83 85 92 128 136 172 181 
2 teacher: 
19 28 

Council 7:
10 project: 
9 74 80 101 125 145 146 156 163 170 
1 teacher: 
33 

Council 8:
10 project: 
6 12 30 32 60 113 122 129 154 191 
4 teacher: 
5 13 18 32 

Council 9:
10 project: 
1 5 43 54 100 103 115 175 182 188 
3 teacher: 
21 36 43 

Council 10:
10 project: 
55 72 84 93 117 130 134 137 152 187 
1 teacher: 
7 

Council 11:
10 project: 
16 24 42 50 58 86 104 127 184 192 
2 teacher: 
22 49 

Council 12:
10 project: 
7 39 41 46 95 143 153 155 167 190 
1 teacher: 
10 

Council 13:
10 project: 
75 77 82 91 99 105 108 142 161 174 
2 teacher: 
27 30 

Council 14:
10 project: 
26 36 37 38 106 118 121 124 140 164 
2 teacher: 
8 29 

Council 15:
10 project: 
20 23 31 53 65 68 71 109 150 177 
2 teacher: 
11 45 

Council 16:
10 project: 
62 79 90 116 123 144 169 185 193 196 
2 teacher: 
20 38 

Council 17:
10 project: 
13 18 28 35 66 76 94 107 158 197 
1 teacher: 
31 

Council 18:
10 project: 
2 27 34 52 59 61 73 78 159 178 
1 teacher: 
25 

Council 19:
10 project: 
8 15 33 87 102 162 165 171 176 199 
1 teacher: 
17 

Council 20:
10 project: 
4 22 29 96 119 135 138 147 148 198 
1 teacher: 
9 

