300
17 3 8 23 4 13 4 30 12 9 19 15 27 3 29 5 7 30 10 1 9 18 13 26 26 2 7 5 11 17 1 17 10 7 9 29 16 8 15 14 15 19 8 28 4 26 15 5 21 24 4 10 5 9 6 23 21 20 1 4 6 22 25 12 17 20 29 10 24 7 29 25 19 20 13 26 6 20 15 6 20 12 14 20 11 14 1 22 22 11 14 19 10 24 21 16 10 17 4 27 23 11 9 22 16 5 9 27 15 8 27 25 2 17 19 27 25 7 3 20 8 3 24 9 26 29 12 27 25 24 23 4 8 23 17 23 14 24 13 24 18 8 2 16 10 5 2 28 21 12 14 13 13 12 3 16 14 2 14 2 9 15 10 21 1 23 2 23 25 17 11 6 29 4 28 19 20 11 5 14 6 29 12 23 19 30 3 23 25 13 7 25 6 30 11 17 18 6 15 7 21 30 1 30 18 2 3 30 27 13 26 9 14 30 21 22 24 25 13 21 10 20 28 11 11 7 9 25 16 4 8 29 19 24 5 15 22 22 22 10 17 28 8 1 1 16 28 7 18 4 30 18 22 21 24 27 26 28 18 2 19 18 19 1 3 26 12 2 16 26 22 28 29 16 13 3 7 5 11 15 12 30 12 27 5 21 27 28 6 29 1 8 28 20 3 6 16 18 26 18 
50
8 1 1 7 17 9 1 1 4 3 4 14 2 18 7 22 30 25 16 3 4 2 10 4 3 3 21 3 12 5 26 11 19 28 2 2 7 13 2 11 29 20 1 4 15 27 23 6 11 24 

Answer is: 7622
Best method is: Method 3
Solve in 5.389s.

Answer for all methods: 
Method 1: 7536
Method 2: 7595
Method 3: 7622
Method 4: 7600
Method 5: 7610
Method 6: 7583
Method 7: 7574
Method 8: 7612

Councils distribution for method 3:

Council 1:
10 project: 
20 31 59 87 165 203 244 245 264 291 
5 teacher: 
2 3 7 8 43 

Council 2:
10 project: 
26 113 143 147 158 160 167 206 260 268 
5 teacher: 
13 22 35 36 39 

Council 3:
10 project: 
2 14 119 122 155 187 207 265 276 295 
5 teacher: 
10 20 25 26 28 

Council 4:
10 project: 
5 7 45 51 60 99 132 174 230 250 
5 teacher: 
9 11 21 24 44 

Council 5:
10 project: 
16 28 48 53 106 146 179 235 278 285 
1 teacher: 
30 

Council 6:
10 project: 
55 61 77 80 172 181 193 198 289 296 
1 teacher: 
48 

Council 7:
10 project: 
17 27 34 70 118 191 200 226 248 277 
3 teacher: 
4 15 37 

Council 8:
10 project: 
3 38 43 110 121 133 142 231 243 292 
1 teacher: 
1 

Council 9:
10 project: 
10 21 35 54 103 107 124 161 212 227 
1 teacher: 
6 

Council 10:
10 project: 
19 33 52 68 93 97 145 163 221 240 
1 teacher: 
23 

Council 11:
10 project: 
29 85 90 102 171 178 195 224 225 279 
3 teacher: 
32 40 49 

Council 12:
10 project: 
9 64 82 127 150 154 183 267 281 283 
1 teacher: 
29 

Council 13:
10 project: 
6 23 75 139 152 153 190 210 219 275 
1 teacher: 
38 

Council 14:
10 project: 
40 83 86 91 137 151 157 159 180 213 
1 teacher: 
12 

Council 15:
10 project: 
12 39 41 47 79 109 162 199 236 280 
1 teacher: 
45 

Council 16:
10 project: 
37 96 105 144 156 229 246 269 274 297 
1 teacher: 
19 

Council 17:
10 project: 
1 30 32 65 98 114 135 170 196 241 
1 teacher: 
5 

Council 18:
10 project: 
22 141 197 205 249 252 259 262 298 300 
1 teacher: 
14 

Council 19:
10 project: 
11 42 73 92 115 176 185 233 261 263 
1 teacher: 
33 

Council 20:
10 project: 
58 66 74 78 81 84 120 177 222 294 
1 teacher: 
42 

Council 21:
10 project: 
49 57 95 149 164 201 215 220 254 286 
1 teacher: 
27 

Council 22:
10 project: 
62 88 89 104 216 237 238 239 253 271 
1 teacher: 
16 

Council 23:
10 project: 
4 56 101 131 134 136 166 168 184 188 
1 teacher: 
47 

Council 24:
10 project: 
50 69 94 123 130 138 140 217 234 255 
1 teacher: 
50 

Council 25:
10 project: 
63 72 112 117 129 169 189 192 218 228 
1 teacher: 
18 

Council 26:
10 project: 
24 25 46 76 125 211 257 266 270 299 
1 teacher: 
31 

Council 27:
10 project: 
13 100 108 111 116 128 209 256 284 287 
1 teacher: 
46 

Council 28:
10 project: 
44 148 175 223 242 247 258 272 288 293 
1 teacher: 
34 

Council 29:
10 project: 
15 36 67 71 126 173 182 232 273 290 
1 teacher: 
41 

Council 30:
10 project: 
8 18 186 194 202 204 208 214 251 282 
1 teacher: 
17 

