800
57 31 17 54 44 33 63 51 20 65 20 54 19 33 8 10 39 17 26 67 38 32 12 2 10 4 14 47 48 20 75 7 51 26 50 54 58 44 76 57 3 10 47 31 27 38 24 40 17 6 19 11 57 71 4 27 61 5 42 32 50 23 75 21 75 63 1 16 34 40 15 75 62 50 48 20 17 19 76 22 16 70 80 38 18 36 45 33 5 80 28 59 59 9 47 27 8 2 56 2 35 5 38 15 10 14 18 46 16 12 44 29 66 67 23 11 5 46 4 30 5 53 41 15 53 1 59 11 50 12 5 40 34 37 80 43 4 9 23 45 17 31 21 30 51 46 74 71 19 5 36 32 56 15 3 52 24 75 9 14 52 29 32 8 4 58 18 45 42 9 40 76 17 32 26 31 4 18 6 13 6 6 29 13 62 45 34 12 35 45 20 15 36 8 34 34 14 1 28 25 23 73 56 22 1 31 48 37 40 42 2 15 26 61 76 57 48 32 14 27 37 40 47 37 63 80 52 75 11 66 59 29 4 71 25 32 76 3 75 24 58 66 33 31 54 62 14 22 45 21 50 7 39 56 38 6 18 79 7 6 33 10 14 62 26 34 10 13 44 2 39 39 24 7 9 18 45 8 44 62 73 80 9 21 55 52 37 45 46 2 9 59 22 59 35 5 38 44 34 20 32 13 37 40 47 75 17 62 62 9 61 59 52 30 11 59 58 73 24 52 20 25 71 80 44 8 57 57 51 35 51 58 62 3 1 54 16 63 36 49 1 23 14 27 61 3 75 7 6 24 61 18 7 48 7 13 59 28 28 44 31 42 44 12 23 38 11 29 54 68 19 20 42 61 20 26 20 25 21 21 30 27 31 16 21 18 33 53 37 74 61 28 4 34 33 7 5 53 31 6 37 67 33 18 29 29 9 27 7 59 21 58 2 28 13 7 17 50 10 57 29 50 48 66 63 53 36 36 66 56 19 21 60 25 25 12 35 29 27 12 8 35 1 46 17 30 23 25 28 63 34 9 10 77 30 52 76 12 23 13 71 75 36 15 46 22 39 25 23 29 36 74 16 28 66 50 50 27 67 16 57 76 53 76 5 23 50 2 10 4 31 47 56 17 44 35 37 12 15 29 48 19 54 51 39 21 30 1 21 16 19 33 74 30 71 11 67 38 23 19 3 47 67 48 36 1 66 34 30 56 61 8 48 22 42 76 57 25 56 6 42 47 50 26 52 40 15 75 38 42 15 24 26 16 16 61 25 20 66 73 15 71 59 51 61 11 26 39 42 48 30 3 15 16 53 58 40 4 62 58 10 1 21 39 36 24 67 80 45 74 25 33 57 45 53 46 74 6 24 38 80 13 48 2 73 36 8 3 17 47 58 67 8 19 40 11 42 53 32 13 35 1 64 2 22 28 5 80 19 54 9 63 45 67 56 28 7 12 53 33 28 76 66 80 62 44 56 63 18 52 72 66 23 46 22 56 54 3 13 24 58 34 36 63 46 47 35 74 14 69 76 61 57 61 4 14 10 30 31 40 46 24 34 48 63 18 54 57 39 11 67 32 39 67 27 80 44 52 42 17 51 71 30 13 31 4 6 46 29 3 27 22 7 14 51 28 2 32 3 59 40 22 66 62 50 80 1 35 5 51 66 58 67 22 37 71 63 47 78 71 42 52 33 76 14 13 74 27 74 9 39 58 39 19 35 63 22 56 26 8 32 53 62 51 47 37 2 71 11 12 16 73 52 38 74 24 26 3 10 25 35 54 37 74 6 20 45 38 71 12 51 18 11 74 46 8 26 54 53 75 
200
22 14 1 9 28 1 4 5 5 7 1 1 3 14 3 26 13 6 19 78 15 40 31 52 12 25 3 5 74 19 66 75 2 54 6 64 5 39 13 4 35 12 7 17 9 67 24 8 6 6 11 32 4 3 43 55 8 17 71 14 25 30 9 61 48 42 2 18 26 4 7 15 62 8 21 26 63 65 7 12 22 9 15 20 11 13 27 11 58 56 17 11 53 79 10 10 38 8 2 45 15 10 11 27 10 2 20 25 24 13 17 14 49 70 25 16 77 30 15 50 59 2 16 73 16 23 44 16 23 18 36 20 17 42 69 21 21 16 29 9 3 20 72 34 19 41 29 24 19 22 22 22 28 47 12 20 25 37 23 14 46 24 31 36 18 60 35 76 33 23 18 18 29 21 45 28 27 5 68 13 27 80 24 1 12 23 4 27 33 26 7 26 6 10 57 35 21 8 51 19 

Answer is: 27055
Best method is: Method 5
Solve in 101.558s.

Answer for all methods: 
Method 1: 26919
Method 2: 26952
Method 3: 27036
Method 4: 27027
Method 5: 27055
Method 6: 27048
Method 7: 26999
Method 8: 26908

Councils distribution for method 5:

Council 1:
12 project: 
67 126 198 205 335 341 443 508 526 582 622 727 
5 teacher: 
3 6 11 12 184 

Council 2:
12 project: 
24 98 100 211 270 290 413 488 604 624 717 767 
5 teacher: 
33 67 99 106 122 

Council 3:
12 project: 
41 155 238 334 346 521 572 608 658 710 719 778 
5 teacher: 
13 15 27 54 141 

Council 4:
12 project: 
26 55 119 137 165 177 233 393 490 578 675 706 
5 teacher: 
7 40 53 70 187 

Council 5:
12 project: 
58 89 102 117 121 131 150 296 397 485 627 729 
5 teacher: 
8 9 28 37 178 

Council 6:
12 project: 
50 179 181 182 256 260 349 400 540 598 707 785 
5 teacher: 
18 35 49 50 193 

Council 7:
12 project: 
32 252 259 274 348 353 355 396 409 416 637 713 
5 teacher: 
10 43 71 79 191 

Council 8:
12 project: 
15 97 164 194 278 326 441 532 607 613 760 796 
5 teacher: 
48 57 74 98 198 

Council 9:
12 project: 
94 138 159 170 275 283 291 310 407 452 631 750 
5 teacher: 
4 45 63 82 140 

Council 10:
12 project: 
16 25 42 105 262 267 419 453 489 581 677 779 
5 teacher: 
95 96 102 105 194 

Council 11:
12 project: 
52 116 128 229 315 367 516 566 616 690 769 793 
5 teacher: 
51 85 88 92 103 

Council 12:
12 project: 
23 110 130 188 364 436 440 458 498 638 770 790 
5 teacher: 
25 42 80 155 185 

Council 13:
12 project: 
180 184 268 302 356 415 460 602 620 659 704 746 
5 teacher: 
17 39 86 110 180 

Council 14:
12 project: 
27 106 160 197 219 247 263 343 669 676 714 745 
5 teacher: 
2 14 60 112 160 

Council 15:
12 project: 
71 104 124 154 192 212 464 499 547 551 561 573 
5 teacher: 
21 72 83 101 119 

Council 16:
12 project: 
68 81 109 337 384 473 480 510 554 555 574 771 
5 teacher: 
116 123 125 128 138 

Council 17:
12 project: 
3 18 49 77 141 173 307 417 445 494 609 700 
5 teacher: 
44 58 91 111 133 

Council 18:
12 project: 
85 107 167 178 257 276 352 386 404 649 686 792 
5 teacher: 
68 130 165 171 172 

Council 19:
12 project: 
13 51 78 149 371 431 502 511 520 614 629 754 
5 teacher: 
19 30 145 149 200 

Council 20:
12 project: 
9 11 30 76 191 300 321 372 375 377 558 786 
5 teacher: 
84 107 132 142 156 

Council 21:
12 project: 
64 143 250 284 379 380 385 411 432 506 509 583 
5 teacher: 
75 136 137 174 197 

Council 22:
12 project: 
80 204 248 293 466 534 625 655 712 722 734 757 
5 teacher: 
1 81 150 151 152 

Council 23:
12 project: 
62 115 139 201 342 365 447 459 469 486 519 653 
5 teacher: 
126 129 159 170 186 

Council 24:
12 project: 
47 157 240 273 319 350 552 586 599 660 682 776 
5 teacher: 
47 109 148 162 183 

Council 25:
12 project: 
200 235 322 378 434 435 448 468 538 557 591 780 
5 teacher: 
26 61 108 115 157 

Council 26:
12 project: 
19 34 175 213 265 376 544 553 567 759 777 797 
5 teacher: 
16 69 76 190 192 

Council 27:
12 project: 
45 56 96 220 344 382 408 439 478 695 711 748 
5 teacher: 
87 104 177 181 188 

Council 28:
12 project: 
91 199 358 359 392 414 449 474 626 636 641 716 
3 teacher: 
5 153 176 

Council 29:
12 project: 
112 162 183 232 368 405 406 421 438 470 500 709 
3 teacher: 
139 147 173 

Council 30:
12 project: 
120 144 314 381 446 455 507 514 529 571 678 703 
2 teacher: 
62 118 

Council 31:
12 project: 
2 44 142 176 206 244 361 383 399 491 679 705 
2 teacher: 
23 163 

Council 32:
12 project: 
22 60 152 163 174 218 236 301 619 692 718 761 
1 teacher: 
52 

Council 33:
12 project: 
6 14 88 243 261 387 395 403 512 592 640 743 
2 teacher: 
169 189 

Council 34:
12 project: 
69 133 187 195 196 266 299 394 451 528 662 683 
1 teacher: 
144 

Council 35:
12 project: 
101 189 295 330 437 442 496 621 667 728 755 781 
3 teacher: 
41 167 196 

Council 36:
12 project: 
86 151 193 339 427 428 463 471 525 585 606 663 
2 teacher: 
131 164 

Council 37:
12 project: 
134 208 221 224 287 303 389 401 497 735 766 783 
1 teacher: 
158 

Council 38:
12 project: 
21 46 84 103 255 297 366 518 549 600 774 788 
1 teacher: 
97 

Council 39:
12 project: 
17 253 271 272 467 505 568 584 689 693 751 753 
1 teacher: 
38 

Council 40:
12 project: 
48 70 132 171 209 222 304 546 577 615 680 721 
1 teacher: 
22 

Council 41:
1 project: 
123 
1 teacher: 
146 

Council 42:
12 project: 
59 169 210 362 373 535 541 550 569 617 699 741 
2 teacher: 
66 134 

Council 43:
1 project: 
136 
1 teacher: 
55 

Council 44:
12 project: 
5 38 111 269 279 298 325 360 363 495 646 697 
1 teacher: 
127 

Council 45:
12 project: 
87 140 168 186 190 249 277 288 589 594 633 787 
2 teacher: 
100 175 

Council 46:
12 project: 
108 118 146 289 444 465 596 654 665 681 708 795 
1 teacher: 
161 

Council 47:
12 project: 
28 43 95 223 305 492 522 542 610 666 738 765 
1 teacher: 
154 

Council 48:
12 project: 
29 75 207 217 354 423 501 524 533 570 603 684 
1 teacher: 
65 

Council 49:
1 project: 
340 
1 teacher: 
113 

Council 50:
12 project: 
35 61 74 129 251 418 422 476 477 487 543 725 
1 teacher: 
120 

Council 51:
12 project: 
8 33 145 329 331 504 564 701 715 730 764 791 
1 teacher: 
199 

Council 52:
12 project: 
156 161 227 286 313 320 456 545 650 698 742 773 
1 teacher: 
24 

Council 53:
12 project: 
122 125 388 398 426 483 575 595 618 639 762 799 
1 teacher: 
93 

Council 54:
12 project: 
4 12 36 245 336 369 503 630 657 687 782 798 
1 teacher: 
34 

Council 55:
1 project: 
285 
1 teacher: 
56 

Council 56:
12 project: 
99 153 203 254 430 493 530 539 635 647 656 758 
1 teacher: 
90 

Council 57:
12 project: 
1 40 53 216 327 328 420 481 537 593 673 688 
1 teacher: 
195 

Council 58:
12 project: 
37 166 241 317 332 412 576 580 611 661 732 752 
1 teacher: 
89 

Council 59:
12 project: 
92 93 127 231 292 294 312 316 357 410 563 720 
1 teacher: 
121 

Council 60:
1 project: 
433 
1 teacher: 
166 

Council 61:
12 project: 
57 214 311 345 351 374 391 531 556 565 672 674 
1 teacher: 
64 

Council 62:
12 project: 
73 185 246 264 280 308 309 333 579 645 724 763 
1 teacher: 
73 

Council 63:
12 project: 
7 66 225 338 425 450 632 648 664 685 737 756 
1 teacher: 
77 

Council 64:
1 project: 
623 
1 teacher: 
36 

Council 65:
1 project: 
10 
1 teacher: 
78 

Council 66:
12 project: 
113 230 242 424 429 475 527 559 643 652 723 731 
1 teacher: 
31 

Council 67:
12 project: 
20 114 402 479 517 523 587 612 634 691 694 733 
1 teacher: 
46 

Council 68:
1 project: 
370 
1 teacher: 
179 

Council 69:
1 project: 
670 
1 teacher: 
135 

Council 70:
1 project: 
82 
1 teacher: 
114 

Council 71:
12 project: 
54 148 234 323 461 515 562 702 736 740 768 789 
1 teacher: 
59 

Council 72:
1 project: 
651 
1 teacher: 
143 

Council 73:
6 project: 
202 281 318 560 605 772 
1 teacher: 
124 

Council 74:
12 project: 
147 390 472 513 590 597 668 747 749 775 784 794 
1 teacher: 
29 

Council 75:
12 project: 
31 63 65 72 158 228 239 306 347 462 548 800 
1 teacher: 
32 

Council 76:
12 project: 
39 79 172 215 237 457 482 484 536 642 671 744 
1 teacher: 
168 

Council 77:
1 project: 
454 
1 teacher: 
117 

Council 78:
1 project: 
739 
1 teacher: 
20 

Council 79:
1 project: 
258 
1 teacher: 
94 

Council 80:
12 project: 
83 90 135 226 282 324 588 601 628 644 696 726 
1 teacher: 
182 

