600
29 35 22 24 40 7 30 43 50 12 45 18 60 5 28 55 50 49 14 44 48 8 18 16 39 40 4 14 45 20 2 6 21 15 25 42 13 54 35 44 22 41 2 31 10 40 59 6 25 6 51 49 51 21 28 24 10 48 40 49 27 29 15 15 13 22 17 31 18 14 18 16 55 50 6 15 45 28 38 45 13 22 30 48 19 33 21 37 37 44 27 24 20 25 23 38 50 54 5 11 49 8 44 7 29 16 11 55 59 3 25 21 28 13 35 31 6 38 25 21 5 17 6 17 2 5 28 6 1 40 6 29 22 12 21 23 37 1 10 9 19 42 12 11 3 7 29 13 37 49 41 18 19 16 33 54 5 12 48 15 39 35 19 24 7 34 13 23 19 7 37 1 40 20 4 9 4 33 14 30 51 35 24 59 28 13 23 59 10 41 2 21 15 49 7 51 28 55 8 36 9 44 36 33 34 40 42 16 9 41 11 12 17 31 17 45 59 2 17 50 54 9 29 3 22 54 20 4 38 49 8 55 36 55 33 44 37 48 55 54 59 49 20 36 18 44 29 31 53 1 34 3 1 42 3 36 44 45 41 42 30 35 10 23 1 4 20 18 4 51 12 14 22 29 4 14 11 48 9 19 21 13 19 17 10 45 13 4 5 56 9 24 16 10 38 51 30 14 50 51 4 23 27 3 15 33 5 34 31 17 28 37 37 38 18 20 25 9 4 23 29 34 59 38 36 1 16 2 50 19 12 51 46 42 8 34 21 41 37 25 17 48 33 45 48 36 48 58 8 41 36 36 30 8 7 52 5 30 59 11 30 51 14 31 27 20 59 39 5 15 39 1 2 45 24 47 39 59 44 13 36 17 55 10 6 4 59 6 14 10 10 28 24 20 20 16 7 11 39 41 15 12 26 33 1 48 33 38 18 50 3 50 24 21 57 27 35 20 19 9 19 44 7 37 1 54 54 27 41 39 22 25 2 45 24 21 13 27 55 15 42 44 55 23 39 1 11 54 33 35 40 10 3 2 29 34 6 38 24 41 55 33 8 21 16 41 12 31 35 54 7 10 42 25 1 54 51 4 11 27 16 5 22 29 39 11 18 28 40 51 2 17 27 14 23 42 27 8 49 11 9 42 42 48 3 6 3 36 14 29 51 37 12 22 9 54 15 28 8 32 11 30 22 30 35 40 38 23 28 12 24 3 19 8 18 39 34 7 38 44 27 39 31 23 50 49 50 34 31 25 36 7 25 34 30 42 3 23 33 48 32 59 12 31 49 31 16 8 17 25 9 49 18 5 35 13 45 34 55 41 35 19 38 27 30 45 5 22 16 39 2 50 15 37 2 20 40 14 40 34 
150
7 39 14 23 3 49 25 5 46 59 8 40 3 7 2 43 11 28 5 39 47 12 1 8 30 23 21 9 9 6 52 4 5 5 12 10 1 20 26 2 2 13 22 53 38 32 2 13 20 10 4 6 3 17 18 22 24 11 28 6 11 50 10 17 12 48 11 14 37 8 16 60 10 15 3 9 34 42 4 41 28 19 17 44 14 35 4 25 13 17 13 11 9 58 21 1 6 9 14 8 15 16 1 7 13 10 56 21 12 15 12 27 31 15 5 6 22 15 14 29 18 54 22 19 16 8 16 2 7 17 19 36 25 7 3 18 55 33 57 4 18 20 23 29 1 51 45 21 19 19 

Answer is: 20218
Best method is: Method 5
Solve in 58.888s.

Answer for all methods: 
Method 1: 20132
Method 2: 20191
Method 3: 20186
Method 4: 20131
Method 5: 20218
Method 6: 20127
Method 7: 20101
Method 8: 20093

Councils distribution for method 5:

Council 1:
12 project: 
129 138 172 250 253 265 326 372 405 425 446 475 
5 teacher: 
23 37 96 103 145 

Council 2:
12 project: 
31 43 125 191 218 328 373 433 454 491 591 595 
5 teacher: 
15 40 41 47 128 

Council 3:
12 project: 
110 145 224 252 255 304 411 453 505 507 532 557 
5 teacher: 
5 13 53 75 135 

Council 4:
12 project: 
27 175 177 228 266 269 275 288 301 319 386 478 
5 teacher: 
32 51 79 87 140 

Council 5:
12 project: 
14 99 121 126 157 289 307 357 369 482 574 587 
5 teacher: 
8 19 33 34 115 

Council 6:
12 project: 
32 48 50 75 117 123 128 131 385 388 457 506 
5 teacher: 
30 52 60 97 116 

Council 7:
12 project: 
6 104 146 165 170 195 355 397 423 471 538 552 
5 teacher: 
1 14 104 129 134 

Council 8:
12 project: 
22 102 199 231 335 349 354 463 498 519 534 568 
5 teacher: 
11 24 70 100 126 

Council 9:
12 project: 
140 176 201 209 222 279 291 318 420 501 515 571 
5 teacher: 
28 29 76 93 98 

Council 10:
12 project: 
45 57 139 189 263 285 294 384 390 391 452 472 
5 teacher: 
36 50 63 73 106 

Council 11:
12 project: 
100 107 144 211 277 360 398 447 479 486 500 521 
5 teacher: 
17 58 61 67 92 

Council 12:
12 project: 
10 134 143 158 212 271 331 402 467 513 530 563 
5 teacher: 
22 35 65 109 111 

Council 13:
12 project: 
37 65 81 114 148 167 186 282 287 380 437 576 
5 teacher: 
42 48 89 91 105 

Council 14:
12 project: 
19 28 70 179 272 276 298 363 389 494 509 598 
5 teacher: 
3 68 85 99 119 

Council 15:
12 project: 
34 63 64 76 160 193 305 370 401 440 517 593 
5 teacher: 
74 101 110 114 118 

Council 16:
12 project: 
24 72 106 154 208 293 327 396 465 481 567 589 
4 teacher: 
71 102 125 127 

Council 17:
12 project: 
67 122 124 213 215 219 284 310 341 382 492 569 
5 teacher: 
54 64 83 90 130 

Council 18:
12 project: 
12 23 69 71 152 245 268 315 409 487 535 573 
4 teacher: 
55 121 136 141 

Council 19:
12 project: 
85 141 153 163 169 280 283 330 419 421 533 582 
5 teacher: 
82 124 131 149 150 

Council 20:
12 project: 
30 93 174 227 243 267 316 366 394 395 418 596 
3 teacher: 
38 49 142 

Council 21:
12 project: 
33 54 87 112 120 135 192 281 337 414 436 464 
4 teacher: 
27 95 108 148 

Council 22:
12 project: 
3 41 66 82 133 225 273 431 483 514 523 588 
4 teacher: 
43 56 117 123 

Council 23:
12 project: 
95 136 168 187 264 302 320 444 495 528 544 558 
3 teacher: 
4 26 143 

Council 24:
12 project: 
4 56 92 164 183 292 375 393 413 435 459 531 
1 teacher: 
57 

Council 25:
12 project: 
35 49 94 111 119 317 340 432 474 550 553 570 
3 teacher: 
7 88 133 

Council 26:
1 project: 
403 
1 teacher: 
39 

Council 27:
12 project: 
61 91 303 365 416 428 438 480 493 497 541 584 
1 teacher: 
112 

Council 28:
12 project: 
15 55 78 113 127 185 197 311 392 488 518 529 
3 teacher: 
18 59 81 

Council 29:
12 project: 
1 62 105 132 147 223 247 274 321 455 484 510 
2 teacher: 
120 144 

Council 30:
12 project: 
7 83 180 261 297 353 358 361 522 524 555 585 
1 teacher: 
25 

Council 31:
12 project: 
44 68 116 214 248 309 364 468 543 549 564 566 
1 teacher: 
113 

Council 32:
2 project: 
520 561 
1 teacher: 
46 

Council 33:
12 project: 
86 155 178 204 235 306 343 404 407 449 462 559 
1 teacher: 
138 

Council 34:
12 project: 
166 205 251 308 322 336 456 537 548 554 578 600 
1 teacher: 
77 

Council 35:
12 project: 
2 39 115 162 182 262 417 450 469 525 575 581 
1 teacher: 
86 

Council 36:
12 project: 
200 203 233 244 256 325 346 351 352 381 508 551 
1 teacher: 
132 

Council 37:
12 project: 
88 89 137 149 171 237 312 313 339 424 512 594 
1 teacher: 
69 

Council 38:
12 project: 
79 96 118 229 295 314 324 408 458 527 539 583 
1 teacher: 
45 

Council 39:
12 project: 
25 161 368 371 377 399 430 445 485 536 542 590 
2 teacher: 
2 20 

Council 40:
12 project: 
5 26 46 59 130 173 206 451 489 526 597 599 
1 teacher: 
12 

Council 41:
12 project: 
42 151 190 210 259 338 350 400 429 460 466 580 
1 teacher: 
80 

Council 42:
12 project: 
36 142 207 254 260 334 441 473 496 502 503 556 
1 teacher: 
78 

Council 43:
1 project: 
8 
1 teacher: 
16 

Council 44:
12 project: 
20 40 90 103 202 236 246 257 379 422 442 540 
1 teacher: 
84 

Council 45:
12 project: 
11 29 77 80 216 258 286 344 374 434 577 586 
1 teacher: 
147 

Council 46:
1 project: 
333 
1 teacher: 
9 

Council 47:
1 project: 
376 
1 teacher: 
21 

Council 48:
12 project: 
21 58 84 159 238 278 342 345 347 406 504 560 
1 teacher: 
66 

Council 49:
12 project: 
18 52 60 101 150 194 230 242 499 546 565 572 
1 teacher: 
6 

Council 50:
12 project: 
9 17 74 97 220 299 329 410 412 545 547 592 
1 teacher: 
62 

Council 51:
12 project: 
51 53 181 196 270 296 300 332 362 477 490 511 
1 teacher: 
146 

Council 52:
1 project: 
356 
1 teacher: 
31 

Council 53:
1 project: 
249 
1 teacher: 
44 

Council 54:
12 project: 
38 98 156 221 226 240 426 427 448 470 476 516 
1 teacher: 
122 

Council 55:
12 project: 
16 73 108 198 232 234 239 383 439 443 461 579 
1 teacher: 
137 

Council 56:
1 project: 
290 
1 teacher: 
107 

Council 57:
1 project: 
415 
1 teacher: 
139 

Council 58:
1 project: 
348 
1 teacher: 
94 

Council 59:
12 project: 
47 109 184 188 217 241 323 359 367 378 387 562 
1 teacher: 
10 

Council 60:
1 project: 
13 
1 teacher: 
72 

