500
48 47 14 28 50 4 18 16 44 14 17 25 45 16 5 5 43 41 7 42 14 4 41 1 18 39 14 40 34 35 1 47 43 47 41 49 38 22 9 2 40 15 33 28 31 21 17 12 16 3 27 20 48 12 28 44 6 25 37 33 32 46 33 18 41 5 49 8 32 11 1 8 20 17 37 13 42 7 37 39 9 22 48 49 26 35 13 21 2 44 18 11 19 48 27 43 11 16 35 20 2 30 35 21 23 2 32 35 49 31 8 29 42 3 47 46 22 25 43 9 30 43 45 16 33 36 20 26 27 8 45 39 18 50 50 29 2 20 18 44 17 13 42 10 8 40 47 16 28 4 24 27 29 48 41 10 31 45 46 33 21 20 20 13 31 24 13 1 38 45 12 26 43 1 33 43 12 45 15 36 36 15 20 42 25 40 47 37 18 2 7 15 6 30 48 21 2 9 43 26 31 22 28 12 22 25 11 42 5 28 44 27 4 12 48 40 25 30 3 26 49 50 5 23 46 23 23 10 32 3 47 46 34 19 13 32 10 35 27 3 26 16 37 34 23 4 6 5 5 12 28 21 27 49 2 36 50 9 47 9 49 30 45 36 7 17 42 48 44 10 7 38 38 6 23 24 21 47 7 24 33 40 19 29 22 31 10 36 24 36 50 19 3 35 16 38 20 4 35 24 24 41 24 44 30 39 41 48 8 38 26 37 1 23 38 8 36 14 16 10 21 11 8 11 6 50 23 44 31 46 19 39 23 3 15 11 17 5 3 35 9 25 6 7 32 46 13 25 14 19 41 31 4 46 46 23 11 37 40 1 1 33 15 38 32 20 26 11 6 24 21 14 42 13 19 37 40 46 40 25 40 41 14 43 39 38 27 7 39 15 17 49 49 41 12 26 8 37 22 32 6 35 14 7 30 1 29 6 42 6 47 29 28 24 18 27 22 27 31 29 39 34 29 30 39 44 15 39 44 12 10 17 42 32 45 3 9 22 50 18 13 17 33 38 2 34 22 31 36 48 15 29 30 4 18 13 11 33 9 15 29 1 14 21 34 28 32 5 10 17 19 37 25 34 4 12 49 28 7 19 3 16 19 50 43 45 2 36 34 34 9 30 45 50 34 4 26 8 5 10 
100
34 24 2 20 16 1 18 50 30 21 24 9 48 9 21 42 22 27 16 46 16 28 26 16 17 23 32 16 42 36 21 42 7 27 10 25 2 42 23 23 13 47 9 24 27 26 26 19 27 27 9 20 35 26 42 4 44 11 19 9 12 26 14 3 45 12 41 1 20 12 19 21 24 23 15 31 33 24 2 12 39 12 22 44 20 29 44 5 6 44 40 8 37 43 13 10 38 23 49 44 

Answer is: 13551
Best method is: Method 2
Solve in 27.388s.

Answer for all methods: 
Method 1: 13481
Method 2: 13551
Method 3: 13550
Method 4: 13526
Method 5: 13516
Method 6: 13526
Method 7: 13505
Method 8: 13440

Councils distribution for method 2:

Council 1:
10 project: 
24 31 71 168 174 313 360 361 406 462 
2 teacher: 
6 68 

Council 2:
10 project: 
40 89 101 106 137 190 197 255 445 487 
3 teacher: 
3 37 79 

Council 3:
10 project: 
50 114 219 230 240 293 334 339 436 481 
1 teacher: 
64 

Council 4:
10 project: 
6 22 150 213 246 298 353 454 475 496 
1 teacher: 
56 

Council 5:
10 project: 
15 16 66 209 223 248 249 338 468 499 
1 teacher: 
88 

Council 6:
10 project: 
57 193 247 274 325 343 369 401 408 410 
1 teacher: 
89 

Council 7:
10 project: 
19 78 191 265 271 279 344 388 404 479 
1 teacher: 
33 

Council 8:
10 project: 
68 72 111 130 145 309 316 323 397 498 
1 teacher: 
92 

Council 9:
10 project: 
39 81 120 198 258 260 341 437 459 491 
5 teacher: 
12 14 43 51 60 

Council 10:
10 project: 
144 156 228 237 270 287 320 431 469 500 
2 teacher: 
35 96 

Council 11:
10 project: 
70 92 97 207 322 324 336 357 368 457 
1 teacher: 
58 

Council 12:
10 project: 
48 54 171 177 204 214 250 395 430 476 
5 teacher: 
61 66 70 80 82 

Council 13:
10 project: 
76 87 142 164 167 235 347 374 441 456 
2 teacher: 
41 95 

Council 14:
10 project: 
3 10 21 27 318 349 372 383 403 463 
1 teacher: 
63 

Council 15:
10 project: 
42 179 182 192 335 363 390 427 451 460 
1 teacher: 
75 

Council 16:
10 project: 
8 14 49 98 124 148 242 295 319 482 
5 teacher: 
5 19 21 24 28 

Council 17:
10 project: 
11 47 74 141 266 337 391 432 442 470 
1 teacher: 
25 

Council 18:
10 project: 
7 25 64 91 133 139 189 415 440 455 
1 teacher: 
7 

Council 19:
10 project: 
93 234 283 292 331 350 375 471 480 483 
3 teacher: 
48 59 71 

Council 20:
10 project: 
52 73 100 127 138 162 163 183 297 366 
4 teacher: 
4 52 69 85 

Council 21:
10 project: 
46 88 104 161 196 252 277 321 371 464 
4 teacher: 
10 15 31 72 

Council 22:
10 project: 
38 82 117 202 205 285 399 417 438 447 
2 teacher: 
17 83 

Council 23:
10 project: 
105 224 226 227 245 275 314 327 333 356 
5 teacher: 
26 39 40 74 98 

Council 24:
10 project: 
151 166 276 280 289 300 301 303 370 414 
5 teacher: 
2 11 44 73 78 

Council 25:
10 project: 
12 58 118 185 206 217 342 348 380 473 
1 teacher: 
36 

Council 26:
10 project: 
85 128 172 200 220 241 311 367 396 497 
5 teacher: 
23 46 47 54 62 

Council 27:
10 project: 
51 95 129 152 212 239 253 387 416 418 
5 teacher: 
18 34 45 49 50 

Council 28:
10 project: 
4 44 55 149 203 210 251 413 466 478 
1 teacher: 
22 

Council 29:
10 project: 
112 136 153 284 407 412 420 423 452 461 
1 teacher: 
86 

Council 30:
10 project: 
102 121 194 218 262 305 405 424 453 492 
1 teacher: 
9 

Council 31:
10 project: 
45 110 157 165 201 286 329 352 419 448 
1 teacher: 
76 

Council 32:
10 project: 
61 69 107 229 236 345 365 400 434 467 
1 teacher: 
27 

Council 33:
10 project: 
43 60 63 125 160 175 281 362 443 458 
1 teacher: 
77 

Council 34:
10 project: 
29 233 244 422 446 465 474 489 490 495 
1 teacher: 
1 

Council 35:
10 project: 
30 86 99 103 108 238 294 299 340 402 
1 teacher: 
53 

Council 36:
10 project: 
126 180 181 256 264 288 290 317 449 488 
1 teacher: 
30 

Council 37:
10 project: 
59 75 79 188 243 312 358 376 398 472 
1 teacher: 
93 

Council 38:
10 project: 
37 169 272 273 296 310 315 364 386 444 
1 teacher: 
97 

Council 39:
10 project: 
26 80 132 306 332 385 389 421 425 428 
1 teacher: 
81 

Council 40:
10 project: 
28 41 146 186 216 282 359 377 379 381 
1 teacher: 
91 

Council 41:
10 project: 
18 23 35 65 155 302 307 351 382 394 
1 teacher: 
67 

Council 42:
10 project: 
20 77 113 143 184 208 267 373 409 433 
5 teacher: 
16 29 32 38 55 

Council 43:
10 project: 
17 33 96 119 122 173 176 199 384 485 
1 teacher: 
94 

Council 44:
10 project: 
9 56 90 140 211 269 304 328 426 429 
5 teacher: 
57 84 87 90 100 

Council 45:
10 project: 
13 123 131 158 170 178 263 435 486 493 
1 teacher: 
65 

Council 46:
10 project: 
62 116 159 225 232 330 346 354 355 378 
1 teacher: 
20 

Council 47:
10 project: 
2 32 34 115 147 187 231 259 278 411 
1 teacher: 
42 

Council 48:
10 project: 
1 53 83 94 154 195 215 268 308 450 
1 teacher: 
13 

Council 49:
10 project: 
36 67 84 109 221 254 261 392 393 477 
1 teacher: 
99 

Council 50:
10 project: 
5 134 135 222 257 291 326 439 484 494 
1 teacher: 
8 

